// Jest Snapshot v1, https://goo.gl/fbAQLP

exports[`it should render expense list with empty message 1`] = `
<div>
  <p>
    No expenses
  </p>
</div>
`;

exports[`it should render expense list with expenses 1`] = `
<div>
  <ExpenseListItem
    amount={3000}
    createdAt={1}
    description="water"
    id={1}
    key="1"
    note=""
  />
  <ExpenseListItem
    amount={9000}
    createdAt={2}
    description="rent"
    id={2}
    key="2"
    note="bye"
  />
  <ExpenseListItem
    amount={5000}
    createdAt={3}
    description="gas"
    id={3}
    key="3"
    note="hi"
  />
</div>
`;
