// Jest Snapshot v1, https://goo.gl/fbAQLP

exports[`should render header correctly 1`] = `
<header>
  <div>
    <div>
      <h1>
        Expensify
      </h1>
    </div>
    <div>
      <NavLink
        activeClassName="active"
        aria-current="page"
        exact={true}
        to="/"
      >
        Dashboard
      </NavLink>
      <NavLink
        activeClassName="active"
        aria-current="page"
        to="/create"
      >
        Add Expense
      </NavLink>
    </div>
  </div>
</header>
`;
