// Jest Snapshot v1, https://goo.gl/fbAQLP

exports[`it should render the not found page 1`] = `
<div>
  <p>
    404
  </p>
  <Link
    replace={false}
    to="/"
  >
    Go Home
  </Link>
</div>
`;
